
> seven-fifty-five@0.1.0 build
> npm run typecheck && npm run build:production:unchecked


> seven-fifty-five@0.1.0 typecheck
> tsc --noEmit


> seven-fifty-five@0.1.0 build:production:unchecked
> vite build

vite v6.4.3 building for production...
transforming...
✓ 762 modules transformed.
rendering chunks...
computing gzip size...
dist/index.html                                                                              0.89 kB │ gzip:   0.52 kB
dist/assets/item_temporary_theater_ticket-DBomTn6M.png                                       4.55 kB
dist/assets/item_theater_program_opening-CfPYayt0.png                                        4.61 kB
dist/assets/item_decoy_paper-bnUehzcb.png                                                    5.14 kB
dist/assets/item_wet_program-DOT7O4ow.png                                                    5.17 kB
dist/assets/paper_reversal_locked-C3W9pJ99.png                                               5.17 kB
dist/assets/item_theater_program_finale-8Tp6paMl.png                                         5.40 kB
dist/assets/teaching_building_elevator_doors-BkMAJLd6.png                                    5.53 kB
dist/assets/library_front_desk_stamp_v01-DALaeCI0.png                                        5.66 kB
dist/assets/paper_reversal_fragments-_nA9Zp6m.png                                            5.68 kB
dist/assets/01_global_ui_button_tap_confirm-CBxvIo0q.mp3                                     5.69 kB
dist/assets/02_global_ui_button_tap_soft-2uYY9wMB.mp3                                        5.69 kB
dist/assets/25_p11_checkin_digit_input_tick-DAS1Gx2n.mp3                                     5.69 kB
dist/assets/paper_fluorescent-ClCLi4qo.png                                                   5.87 kB
dist/assets/item_theater_ticket_half_b-CyVOEGjs.png                                          5.96 kB
dist/assets/item_theater_ticket_half_a-BxaZj3FR.png                                          6.00 kB
dist/assets/paper_flight_0-B9fw3jVg.png                                                      6.39 kB
dist/assets/paper_residual-B2GCqyT8.png                                                      6.58 kB
dist/assets/chapter4_a3_archive_film_v01-DsG2DiJr.png                                        6.70 kB
dist/assets/paper_reversal_escape-D2U5gAVz.png                                               6.71 kB
dist/assets/canteen_promo_fx_3x2-CrAiCkTe.png                                                7.00 kB
dist/assets/clue_paper_future_path-BmfU3Zfn.png                                              7.31 kB
dist/assets/paper_reversal_cracked-BRo-LBwD.png                                              7.73 kB
dist/assets/hair_dryer_generated_v01-Dd67Y6y4.png                                            8.49 kB
dist/assets/player_side_6-XOyJQ_MM.png                                                       8.78 kB
dist/assets/player_side_2-C182reVG.png                                                       8.81 kB
dist/assets/player_side_idle-CGqOyxNB.png                                                    8.84 kB
dist/assets/chapter4_front_desk_duty_board_v01-Cy1l9cqs.png                                  8.92 kB
dist/assets/kayak_overhead_frame_a-C6VOVjpw.png                                              8.94 kB
dist/assets/player_side_1-CfqrFJCi.png                                                       9.06 kB
dist/assets/kayak_overhead_frame_b-BYM-tv0N.png                                              9.07 kB
dist/assets/player_side_7-K59Ltr4n.png                                                       9.16 kB
dist/assets/player_side_5-PgAhHLwq.png                                                       9.29 kB
dist/assets/13_p05_control_center_network_toggle_switch-D0hCvRkK.mp3                         9.45 kB
dist/assets/player_side_3-D6xVYG_7.png                                                       9.47 kB
dist/assets/chapter4_a2_evacuation_map_v01-BhCpA_j-.png                                      9.91 kB
dist/assets/canteen_promo_drink_insert_4frame-Da6b8-0x.png                                  10.07 kB
dist/assets/27_p11_checkin_submit_button_press-Be3eOYj4.mp3                                 10.08 kB
dist/assets/player_up_7-CtwUCVl6.png                                                        10.22 kB
dist/assets/player_up_4-DMeMWRlf.png                                                        10.27 kB
dist/assets/player_up_0-asYnLeO_.png                                                        10.42 kB
dist/assets/library_roll_06_seat_022_clue-D5YuM1Ox.webp                                     10.47 kB
dist/assets/player_up_3-1VGX7zvO.png                                                        10.58 kB
dist/assets/player_up_5-CQmmQUb6.png                                                        10.63 kB
dist/assets/player_up_2-DzwFfetK.png                                                        10.64 kB
dist/assets/player_up_6-DKYTCfLk.png                                                        10.67 kB
dist/assets/07_p14_chat_message_notification_ping-D5GxhHSg.mp3                              10.70 kB
dist/assets/player_side_4-DYP1nxnH.png                                                      10.87 kB
dist/assets/chapter4_a2_circuit_terminal_v01-z2sFjn5y.png                                   10.99 kB
dist/assets/player_side_0-DvEdVAD8.png                                                      11.00 kB
dist/assets/player_up_1-Cn1j2z2y.png                                                        11.27 kB
dist/assets/sfx_ch4_cart_wheel_repaired-23OaPrsM.mp3                                        11.28 kB
dist/assets/chapter4_a2_calibration_jig_v01-CnWMTcY_.png                                    11.31 kB
dist/assets/vo_ch4_prologue_player_01-D9xvt5f8.mp3                                          11.51 kB
dist/assets/player_down_7-CnhqLf_u.png                                                      11.67 kB
dist/assets/sfx_ch4_cart_wheel_stuck-DLx31fWs.mp3                                           11.71 kB
dist/assets/player_down_6-CLegmYpD.png                                                      11.86 kB
dist/assets/player_down_3-BpC6BTnt.png                                                      11.88 kB
dist/assets/player_down_0-DbJTTb5n.png                                                      11.89 kB
dist/assets/player_down_4-CI7MCMf8.png                                                      11.90 kB
dist/assets/player_down_2-D3r65s12.png                                                      11.93 kB
dist/assets/08_p14_friend_chat_shadow_screen_knock-BE8gV4JE.mp3                             11.96 kB
dist/assets/11_p04_campus_card_balance_zero_click-B3Eb3NmZ.mp3                              11.96 kB
dist/assets/18_p07_weather_water_drop_collect-BqtwD4vl.mp3                                  11.96 kB
dist/assets/library_roll_05_canteen_takeout-C9egenu8.webp                                   12.02 kB
dist/assets/student_idle_1frame-D0mLW_tq.png                                                12.16 kB
dist/assets/player_down_5-BiRqOn38.png                                                      12.22 kB
dist/assets/player_down_1-C79w2fyL.png                                                      12.35 kB
dist/assets/04_global_ui_invalid_drag_reject-Co9qt7mI.mp3                                   12.58 kB
dist/assets/library_roll_04_library_snack-CQjyPXB9.webp                                     12.59 kB
dist/assets/canteen_queue_student_turn-CnekSWCO.png                                         12.63 kB
dist/assets/sfx_ch4_paper_flip-DL0x1EW9.mp3                                                 12.63 kB
dist/assets/sfx_ch4_clock_tick_loop-YhstiHKm.mp3                                            13.01 kB
dist/assets/06_p01_wakeup_big_text_flash_hit-CrI-ouTa.mp3                                   13.84 kB
dist/assets/library_roll_01_takeout_soy-DR_0SFtv.webp                                       13.87 kB
dist/assets/ticket_inspector_idle_front-CiqB_NO4.png                                        14.17 kB
dist/assets/sfx_ch4_railing_hit-Dz9YuT42.mp3                                                14.20 kB
dist/assets/sfx_ch4_step_fold-jCsczJqx.mp3                                                  14.20 kB
dist/assets/library_roll_02_dorm_meal-D_WZyLNr.webp                                         14.26 kB
dist/assets/cleaner_rest_1frame-14bQqTu8.png                                                14.82 kB
dist/assets/stage_manager_ghost_point-B6rM-3AZ.png                                          14.94 kB
dist/assets/ticket_inspector_scan_front-D8FOWzqr.png                                        14.97 kB
dist/assets/10_global_digit_collect_fly_to_slot-Q2HoZR4h.mp3                                15.09 kB
dist/assets/fx_friend_reply_send-CmM5Y1Z8.mp3                                               15.25 kB
dist/assets/chapter4_a3_alignment_scanner_v01-m8v7ZmE9.png                                  15.62 kB
dist/assets/15_p05_control_center_earphone_icon_drop-jXT2h1IM.mp3                           15.72 kB
dist/assets/26_p11_checkin_password_error_reject-D8Ya439p.mp3                               15.72 kB
dist/assets/stage_manager_ghost_idle-BRm_e2b8.png                                           15.84 kB
dist/assets/fx_canteen_chase_lane-ar302uds.mp3                                              16.29 kB
dist/assets/fx_canteen_mode_switch-CFY8JIWm.mp3                                             16.29 kB
dist/assets/fx_theater_mode_switch-DzyQk4y8.mp3                                             16.29 kB
dist/assets/sfx_ch4_magnet_snap-DmA2mtjK.mp3                                                16.29 kB
dist/assets/12_p06_tiyi_loading_app_crash_pop-CeAP0wfs.mp3                                  16.34 kB
dist/assets/theater_center_exit_closed_v03-l0sM94at.png                                     16.76 kB
dist/assets/fx_theater_program_reject-oX_7W2Nh.mp3                                          17.34 kB
dist/assets/19_p03_avatar_slash_metal_drop-DcZM2uME.mp3                                     18.23 kB
dist/assets/fx_triangle_pickup-DuAtS332.mp3                                                 18.38 kB
dist/assets/fx_canteen_order_confirm-BWv0Y2GP.mp3                                           18.38 kB
dist/assets/fx_qizhen_mist_wrong-De9v6JGj.mp3                                               18.38 kB
dist/assets/fx_qizhen_mode_switch-DmDW1ygK.mp3                                              18.38 kB
dist/assets/fx_qizhen_reflection_miss-DSx0biaZ.mp3                                          18.38 kB
dist/assets/fx_theater_program_pickup-D0UtmKbo.mp3                                          18.38 kB
dist/assets/fx_theater_spotlight_hit-CPICG3ZQ.mp3                                           18.38 kB
dist/assets/sfx_ch4_broadcast_static-CUOWyiRJ.mp3                                           18.38 kB
dist/assets/sfx_ch4_stone_land-WG_42TPe.mp3                                                 18.38 kB
dist/assets/fx_catalog_wrong_v2-BQxsFN0x.mp3                                                18.38 kB
dist/assets/fx_note_pickup_v2-D2hHMToD.mp3                                                  18.38 kB
dist/assets/library_roll_03_rainy_breakfast-BaaNBrYV.webp                                   18.52 kB
dist/assets/09_p14_friend_chat_digits_scatter_noise-BSH8wybv.mp3                            18.85 kB
dist/assets/14_p05_control_center_brightness_slider_sweep-CkbKBd3T.mp3                      18.85 kB
dist/assets/cleaning_cart_1frame-fjQooXDH.png                                               18.94 kB
dist/assets/return_auntie_2frame-CClcxDf4.png                                               19.36 kB
dist/assets/clue_prop_box_ghost-dCMQRygP.png                                                19.42 kB
dist/assets/front_desk_staff_2frame-a9OAT5xJ.png                                            19.96 kB
dist/assets/17_p08_settings_gear_drop_flip-C-DJ6h7U.mp3                                     20.11 kB
dist/assets/all_shadow_vo_003-UVdU2t65.mp3                                                  20.15 kB
dist/assets/fx_narrator_grab-DCAFBmFf.mp3                                                   20.47 kB
dist/assets/fx_act1_login_stamp-D_2U4dNt.mp3                                                20.47 kB
dist/assets/fx_weather_drop_pickup-BayJVtwb.mp3                                             20.47 kB
dist/assets/fx_canteen_tray_slide-o6y7FVNC.mp3                                              20.47 kB
dist/assets/fx_qizhen_lake_exit-9klHBihJ.mp3                                                20.47 kB
dist/assets/fx_qizhen_sign_rotate-8aW_enm-.mp3                                              20.47 kB
dist/assets/fx_theater_glass_wipe-BHqO4djW.mp3                                              20.47 kB
dist/assets/fx_theater_ticket_join-CSFIy5Hm.mp3                                             20.47 kB
dist/assets/sfx_ch4_phone_task_notify-CNTraU9i.mp3                                          20.47 kB
dist/assets/fx_arrival_record_v2-BeKoFSdp.mp3                                               20.47 kB
dist/assets/fx_evidence_upload_v2-DRxOnjmx.mp3                                              20.47 kB
dist/assets/fx_library_gate_scan_v2--imnLU29.mp3                                            20.47 kB
dist/assets/vo_c3_theater_celebrate_system-CaVnnJ0A.mp3                                     20.72 kB
dist/assets/24_p10_plant_fertilizer_growth_step-CKYm9Ovd.mp3                                21.36 kB
dist/assets/23_p10_plant_light_growth_step-CfNtpK0X.mp3                                     21.36 kB
dist/assets/22_p10_plant_water_growth_step-CMWGJFUm.mp3                                     21.36 kB
dist/assets/fx_canteen_paper_impact-Ds9mc4Qu.mp3                                            21.52 kB
dist/assets/16_p08_settings_auto_rotate_whoosh-WkFlLZPh.mp3                                 21.99 kB
dist/assets/20_p09_item_combine_key_forge_click_lock-4PbKYFkT.mp3                           21.99 kB
dist/assets/vo_pursuit_chapter4_guard_close-iCWUEbN8.mp3                                    22.45 kB
dist/assets/fx_system_emerge-NwU5PUnK.mp3                                                   22.56 kB
dist/assets/fx_character_name_lock-5_xAaa52.mp3                                             22.56 kB
dist/assets/fx_manual_control_ready-BkS8BCVZ.mp3                                            22.56 kB
dist/assets/fx_canteen_paper_burst-DYn5cgOJ.mp3                                             22.56 kB
dist/assets/fx_canteen_tray_return-Br9zfAyU.mp3                                             22.56 kB
dist/assets/fx_qizhen_decoy_clip-CjX3uWkR.mp3                                               22.56 kB
dist/assets/fx_qizhen_mist_observe-CK071FnJ.mp3                                             22.56 kB
dist/assets/fx_qizhen_reflection_shimmer-Ckb_FBfU.mp3                                       22.56 kB
dist/assets/fx_theater_gate_scan-Dp-pwZ-i.mp3                                               22.56 kB
dist/assets/sfx_ch4_clock_chime-AswDrNNX.mp3                                                22.56 kB
dist/assets/sfx_ch4_lights_powerdown-BjB2wDXY.mp3                                           22.56 kB
dist/assets/sfx_ch4_line_recoil-N0M6zZzB.mp3                                                22.56 kB
dist/assets/fx_backpack_alert_v2-tVEdWzps.mp3                                               22.56 kB
dist/assets/fx_catalog_search_v2-Cb37Mg7P.mp3                                               22.56 kB
dist/assets/fx_catalog_correct_v2-DPqvsPmp.mp3                                              22.56 kB
dist/assets/fx_nonperson_stamp_v2-DV-nsAaA.mp3                                              22.56 kB
dist/assets/fx_photo_glare_clear_v2-CkZqF5hN.mp3                                            22.56 kB
dist/assets/vo_c3_qizhen_gone_system-Y_5qM0oD.mp3                                           23.03 kB
dist/assets/vo_c3_qizhen_grab_system-C7uRwb7_.mp3                                           23.03 kB
dist/assets/fx_act1_phone_link-OIBASg5D.mp3                                                 23.61 kB
dist/assets/paper_chicken_shake_5frame-szRFabWA.png                                         23.71 kB
dist/assets/sfx_ch4_clock_stutter_loop-BTvS1BoN.mp3                                         23.81 kB
dist/assets/21_p13_home_tower_key_turn_90deg-BPoTHEES.mp3                                   23.87 kB
dist/assets/student_phone_glance_2frame-Dup8N04W.png                                        23.90 kB
dist/assets/fx_canteen_chase_collision-cSSg3D8h.mp3                                         24.13 kB
dist/assets/03_global_ui_wrong_button_taunt_nuh_uh-D6GvSxQ2.mp3                             24.49 kB
dist/assets/fx_act1_movement_unlock-5-DpsnJF.mp3                                            24.65 kB
dist/assets/fx_adhesive_release-Blsf6XXU.mp3                                                24.65 kB
dist/assets/fx_pass_stamp_v2-fljOqLaS.mp3                                                   24.65 kB
dist/assets/fx_receipt_slide_v2-CZYo9uQC.mp3                                                24.65 kB
dist/assets/fx_narrator_circle_appear-BLUobzJw.mp3                                          25.70 kB
dist/assets/fx_theater_prop_box-BRLC4fUV.mp3                                                25.70 kB
dist/assets/student_adjust_bag_2frame-B4ynbDKS.png                                          25.90 kB
dist/assets/vo_c3_qizhen_fake_system-DgDpEC_o.mp3                                           25.91 kB
dist/assets/fx_exercise_pacing_start-sNtOH83_.mp3                                           26.22 kB
dist/assets/fx_canteen_cart_roll-B0p8GtZo.mp3                                               26.22 kB
dist/assets/fx_qizhen_paper_release-BhVXiXWu.mp3                                            26.22 kB
dist/assets/fx_theater_printer_fail-CQyxGsWp.mp3                                            26.22 kB
dist/assets/sfx_ch4_magnet_tension-BzEkyKSK.mp3                                             26.22 kB
dist/assets/sfx_ch4_pressure_suction-B8w15DH0.mp3                                           26.22 kB
dist/assets/lamp_core-BjHTPCe3.png                                                          27.06 kB
dist/assets/fx_balance_decimal_shift-DZwvdQXh.mp3                                           27.26 kB
dist/assets/fx_inventory_chest_open-DjzOqV7U.mp3                                            27.26 kB
dist/assets/fx_canteen_ticket_print-BrGHZM9c.mp3                                            27.26 kB
dist/assets/29_p12_black_screen_low_impact-ANFxOa0v.mp3                                     28.26 kB
dist/assets/fx_qizhen_mist_spray-BLJSjxK1.mp3                                               28.31 kB
dist/assets/fx_theater_decoy_break-B-tPDWlb.mp3                                             28.31 kB
dist/assets/fx_022_signal_v2-C5jO0qhL.mp3                                                   28.31 kB
dist/assets/fx_report_print_v2-C6sZCfcA.mp3                                                 28.31 kB
dist/assets/guard_radio_2frame-K6ZVcqjf.png                                                 28.97 kB
dist/assets/cleaner_toggle_lights_2frame-C-PIS9Q4.png                                       29.06 kB
dist/assets/fx_act1_map_complete-DdbbHMgU.mp3                                               29.35 kB
dist/assets/05_p00_alarm_phone_vibrate_loop-CkGyaTCg.mp3                                    30.14 kB
dist/assets/guard_check_list_2frame-VN_x0pIX.png                                            30.21 kB
dist/assets/guard_check_watch_2frame-DYBHGL28.png                                           30.28 kB
dist/assets/sfx_ch4_water_ripple-DazJwv30.mp3                                               30.40 kB
dist/assets/fx_backpack_transfer_v2-BF6We5AF.mp3                                            30.40 kB
dist/assets/vo_c3_theater_failure_narrator-CyhKc7Dh.mp3                                     30.52 kB
dist/assets/guard_flashlight_down_2frame-Dbg0PCMr.png                                       30.70 kB
dist/assets/shadow_auntie_3frame-D1jyfFC2.png                                               32.33 kB
dist/assets/sfx_ch4_glass_door_open-lGksGj4Q.mp3                                            32.49 kB
dist/assets/fx_shelf_slide_v2-BipEMvyQ.mp3                                                  32.49 kB
dist/assets/30_p12_reality_room_electric_flicker-Bf6_I2Y9.mp3                               32.64 kB
dist/assets/vo_act2_system_friend-J_sCd4pE.mp3                                              32.82 kB
dist/assets/zjuding-DKU0HuyE.png                                                            33.32 kB
dist/assets/vo_c3_bike_escape_narrator-CS6B5Ap0.mp3                                         33.40 kB
dist/assets/vo_ch35_lake_player-BOLmxkso.mp3                                                33.41 kB
dist/assets/cleaner_place_sign_2frame-BbXseu72.png                                          33.50 kB
dist/assets/library_022_reflection-BVx6S9R2.webp                                            35.64 kB
dist/assets/vo_pursuit_chapter4_guard_start-fPXfBQTJ.mp3                                    35.70 kB
dist/assets/vo_c3_canteen_worldview_system-Bb9X5eKC.mp3                                     37.43 kB
dist/assets/vo_pursuit_qizhen_swan_final-BuSbFWzL.mp3                                       38.00 kB
dist/assets/sfx_ch4_paper_water_slide-CJ8eKe3i.mp3                                          38.23 kB
dist/assets/vo_act2_system_just_find_it-DXlLUjqq.mp3                                        38.58 kB
dist/assets/vo_act2_system_move_now-mtndc6jB.mp3                                            38.58 kB
dist/assets/vo_pursuit_qizhen_swan_start-BVNp0XZD.mp3                                       38.58 kB
dist/assets/vo_pursuit_chapter4_guard_stair-msNZGm-m.mp3                                    38.58 kB
dist/assets/three_minute_leave_method-CqC_D5jM.webp                                         38.75 kB
dist/assets/paper_chicken_burst_8frame-DrbLvDAk.png                                         39.02 kB
dist/assets/vo_act2_system_inventory_demand-BRVIhn2P.mp3                                    40.31 kB
dist/assets/vo_c3_qizhen_taunt_system-CLxezhra.mp3                                          40.31 kB
dist/assets/vo_ch4_prologue_guard_01-No-elHYe.mp3                                           41.46 kB
dist/assets/three_minute_rise_boundaries-ccgUGTSA.webp                                      42.13 kB
dist/assets/sfx_ch4_wet_floor_slide-oT3RdaPh.mp3                                            42.41 kB
dist/assets/student_push_door_3frame-Co0h8cfQ.png                                           44.22 kB
dist/assets/library_avatar-DLQJUiM0.png                                                     44.78 kB
dist/assets/vo_c3_bike_gpa_system-DpI-Xksd.mp3                                              44.92 kB
dist/assets/vo_act2_system_found_intro-D2RUmq6K.mp3                                         45.49 kB
dist/assets/sfx_ch4_gust_skim-BE4WO45s.mp3                                                  46.59 kB
dist/assets/vo_ch4_prologue_cleaner_01-BQZfN_k6.mp3                                         47.80 kB
dist/assets/lamp_leds-HFMTflpz.png                                                          48.06 kB
dist/assets/vo_prologue_narrator_caught-CmI75bTx.mp3                                        49.52 kB
dist/assets/life_study_room_late_snack-CrUL0MJv.webp                                        49.98 kB
dist/assets/sfx_ch4_arcade_crosswind-CbeuM4FJ.mp3                                           50.25 kB
dist/assets/three_minute_leave_art-CF3eXnZp.webp                                            51.09 kB
dist/assets/vo_c3_qizhen_atmosphere_system-DBoQdvE5.mp3                                     51.83 kB
dist/assets/vo_c3_qizhen_now_system-DU1hlxhX.mp3                                            51.83 kB
dist/assets/vo_pursuit_qizhen_swan_warning-B_H2vaqh.mp3                                     52.40 kB
dist/assets/vo_c3_qizhen_sign_system-Bz9ZzpOD.mp3                                           54.13 kB
dist/assets/three_minute_pause_application-YheIFf4l.webp                                    56.03 kB
dist/assets/vo_c3_qizhen_display_system-BOlW5XoA.mp3                                        56.44 kB
dist/assets/vo_c3_qizhen_reflection_system-X0XowhJE.mp3                                     56.44 kB
dist/assets/vo_c3_qizhen_release_narrator-m1_3mCj5.mp3                                      56.44 kB
dist/assets/vo_prologue_narrator_bargain-D1PEy-rD.mp3                                       57.01 kB
dist/assets/vo_c3_canteen_packaging_system-DJdeXq4-.mp3                                     57.01 kB
dist/assets/vo_c3_canteen_cold_clue_system-Cj5bzfj6.mp3                                     61.62 kB
dist/assets/chapter35_live_lake_memory_b-CueA75IK.webp                                      62.12 kB
dist/assets/chapter35_live_lake_memory_a-CgwlmQ3I.webp                                      62.24 kB
dist/assets/chapter35_live_paper_middle-DqnxvNL-.webp                                       62.72 kB
dist/assets/chapter35_live_paper_right-DX2ToI7u.webp                                        62.76 kB
dist/assets/vo_c3_canteen_labor_system-Dg8Yucre.mp3                                         62.77 kB
dist/assets/vo_c3_qizhen_hiding_system-CB_wFNS6.mp3                                         62.77 kB
dist/assets/chapter35_live_paper_left-NoDbXoU-.webp                                         62.91 kB
dist/assets/vo_c3_bike_human_speed_system-D4o5_ZsJ.mp3                                      63.35 kB
dist/assets/three_minute_empty_seat-DT099ltF.webp                                           63.86 kB
dist/assets/vo_c3_bike_no_money_system-BzfzVRSy.mp3                                         63.92 kB
dist/assets/vo_c3_qizhen_forum_system-DkDlutb0.mp3                                          64.50 kB
dist/assets/vo_c3_canteen_paper_angry_narrator-DdokRm6D.mp3                                 65.08 kB
dist/assets/vo_c3_canteen_breakfast_system-LmbkvpEb.mp3                                     66.80 kB
dist/assets/library_room_south-DUyy7xnk.png                                                 67.31 kB
dist/assets/vo_ch35_decoy_canteen-DR0rk-0X.mp3                                              67.39 kB
dist/assets/canteen_promo_board_empty-DOEtSFt3.png                                          68.40 kB
dist/assets/vo_act2_system_departure-CmOp6vQL.mp3                                           68.53 kB
dist/assets/library_room_east-BBJ3eWbs.png                                                  69.00 kB
dist/assets/vo_c3_canteen_paper_impact_narrator-CQ1dvdiC.mp3                                69.68 kB
dist/assets/vo_c3_qizhen_swimming_system-Ddr-mQMv.mp3                                       69.68 kB
dist/assets/vo_ch35_decoy_theater-3mRy1iK2.mp3                                              70.27 kB
dist/assets/vo_c3_qizhen_ego_system-tUTbhqFF.mp3                                            70.84 kB
dist/assets/shadow_auntie_push_5frame-BdBThCDz.png                                          70.98 kB
dist/assets/life_canteen_queue-LkT_oWme.webp                                                72.52 kB
dist/assets/vo_c3_qizhen_catalog_system-DDJNKIwV.mp3                                        73.14 kB
dist/assets/vo_ch35_decoy_library-CUqR0OLD.mp3                                              73.15 kB
dist/assets/lamp_glow-CAmUpP1B.png                                                          73.56 kB
dist/assets/cleaner_mop_4frame-BiPhNZDv.png                                                 73.68 kB
dist/assets/all_shadow_vo_002-Ds8g_rVt.mp3                                                  73.72 kB
dist/assets/vo_c3_qizhen_no_trail_system-DLSafcPl.mp3                                       74.29 kB
dist/assets/library_room_north-CJxSWnQP.png                                                 74.97 kB
dist/assets/campus_zijingang_gate_cloudy-zOX6KPRt.webp                                      76.96 kB
dist/assets/canteen_promo_board_active-DfgB3xRc.png                                         77.43 kB
dist/assets/departing_student_b-BilBKaBp.png                                                77.70 kB
dist/assets/departing_student_a-CouY2T5y.png                                                77.93 kB
dist/assets/vo_act2_system_library-Bt3pWFlU.mp3                                             82.36 kB
dist/assets/zijingang_water_frames-DxssCUfZ.png                                             82.37 kB
dist/assets/vo_c3_theater_logic_system-Cg6Kudy4.mp3                                         82.93 kB
dist/assets/life_bike_basket_raincoat-BHWa49kw.webp                                         83.24 kB
dist/assets/vo_c3_canteen_paper_chicken_system-DMrcyUfv.mp3                                 83.51 kB
dist/assets/voice_memo_ch35_lake-BhK6Tn7e.mp3                                               84.67 kB
dist/assets/voice_memo_ch35_decoy_library-Y7EqIE38.mp3                                      84.67 kB
dist/assets/voice_memo_ch35_decoy_theater-CvMHFG97.mp3                                      84.67 kB
dist/assets/voice_memo_ch35_decoy_canteen-C8YAnexr.mp3                                      84.67 kB
dist/assets/voice_memo_ch35_broadcast-A8b0h-Lu.mp3                                          84.67 kB
dist/assets/voice_memo_ch35_lobby-BONvDXG7.mp3                                              84.67 kB
dist/assets/voice_memo_ch35_stone-DKsF3SWo.mp3                                              84.67 kB
dist/assets/vo_act2_system_confession-DS_HEceP.mp3                                          86.96 kB
dist/assets/all_shadow_vo_005-DELn4UE-.mp3                                                  88.69 kB
dist/assets/counter_aunties_2frame-Tt99HjqC.png                                             89.69 kB
dist/assets/guard_walk_up_8frame-CO2gu9MO.png                                               91.76 kB
dist/assets/campus_qizhen_dock_morning-Bfm2KJ5U.webp                                        92.35 kB
dist/assets/vo_c3_canteen_self_service_system-D1UkMCpr.mp3                                  95.60 kB
dist/assets/vo_act2_system_inventory_missing-D1ptH-wL.mp3                                   96.18 kB
dist/assets/cleaner_idle_8frame-BEK5t55B.png                                                96.19 kB
dist/assets/28_p11_checkin_countdown_heartbeat_loop-NFsrKkF0.mp3                            97.85 kB
dist/assets/vo_ch4_prologue_narrator_01-Bpmq9lgP.mp3                                        99.06 kB
dist/assets/campus_crescent_after_rain-CUg15Cd9.webp                                       100.31 kB
dist/assets/vo_c3_qizhen_map_system-OZdt0Fep.mp3                                           100.79 kB
dist/assets/cleaner_push_cart_up_8frame-saC54_8q.png                                       101.00 kB
dist/assets/cleaner_push_cart_down_8frame-DjxnDzLB.png                                     102.25 kB
dist/assets/guard_walk_8frame-LBiKVur4.png                                                 102.83 kB
dist/assets/vo_c3_qizhen_cc98_system-17wE4yQ0.mp3                                          105.97 kB
dist/assets/guard_walk_down_8frame-DWzJmr-L.png                                            106.07 kB
dist/assets/student_walk_8frame-Ce0mRjpF.png                                               107.60 kB
dist/assets/zheng_shusen_v01-BoNwBI35.png                                                  110.68 kB
dist/assets/vo_c3_canteen_queue_system-Bd3snpDg.mp3                                        111.73 kB
dist/assets/wang_yuan_v01-CXH-RmMF.png                                                     112.22 kB
dist/assets/pan_jingfu_v01-Bu0G-CsM.png                                                    113.08 kB
dist/assets/wang_ganchang_v01-BW2dq1EX.png                                                 115.02 kB
dist/assets/gu_chaohao_v01-84rx-r5y.png                                                    117.64 kB
dist/assets/yang_wei_v01-BW1-0Oz8.png                                                      117.68 kB
dist/assets/xia_daoxing_v01-5gsUGsGQ.png                                                   119.18 kB
dist/assets/han_zhenxiang_v01-DBLF21nk.png                                                 119.57 kB
dist/assets/zhu_kezhen_v01-DrkQKXAw.png                                                    119.82 kB
dist/assets/vo_c3_canteen_bun_system-xmbvbOpl.mp3                                          120.37 kB
dist/assets/chen_jiangong_v01-BpCbSl2X.png                                                 120.87 kB
dist/assets/lin_junde_v01-D3Qy76A3.png                                                     122.20 kB
dist/assets/li_zhengdao_v01-BqCjcVy8.png                                                   122.31 kB
dist/assets/seated_students_extra_2frame-C9UM4lyJ.png                                      124.02 kB
dist/assets/zijingang_water_mask_atlas-B_O3PI3j.png                                        124.39 kB
dist/assets/lu_yongxiang_v01-CidNMf1C.png                                                  124.65 kB
dist/assets/tan_jiazhen_v01-B3ro5PnZ.png                                                   124.69 kB
dist/assets/bei_shizhang_v01-f2pGbqzD.png                                                  126.24 kB
dist/assets/cheng_kaijia_v01-CL72HE03.png                                                  127.14 kB
dist/assets/pan_yunhe_v01-BC6KKMnK.png                                                     127.86 kB
dist/assets/vo_c3_theater_substitute_system-D8cTv4pE.mp3                                   132.47 kB
dist/assets/chen_yizhang_v01-BOl0UVca.png                                                  135.06 kB
dist/assets/su_buqing_v01-AdFiPufl.png                                                     138.47 kB
dist/assets/cc98_forum_treasure-CXrKwxTZ.png                                               145.19 kB
dist/assets/seated_students_2frame-CHfnVoc9.png                                            152.68 kB
dist/assets/vo_prologue_narrator_intro-BTRdHV48.mp3                                        154.41 kB
dist/assets/lamp_outline-1KLu-ebD.png                                                      165.24 kB
dist/assets/tan_qixiang_v01-CiJ0jb74.png                                                   168.22 kB
dist/assets/cleaner_push_cart_8frame-Cf2ywONk.png                                          190.57 kB
dist/assets/all_shadow_vo_004-C1pPMdh3.mp3                                                 193.52 kB
dist/assets/queue_students_2frame-DnOfKrRK.png                                             245.58 kB
dist/assets/lamp_dark-lFP3GhhP.png                                                         318.28 kB
dist/assets/music_ch4_prologue_h3_44s-CWoA7Nr_.mp3                                         353.69 kB
dist/assets/rider_cycle_6f-llZvzZ4K.png                                                    375.41 kB
dist/assets/music_canteen_light-CLeufThK.mp3                                               391.72 kB
dist/assets/Metal012_1K-JPG_Color-CQwxHSxK.jpg                                             412.56 kB
dist/assets/runner_crowd_cycle_4f-CIyz1C8Z.png                                             463.73 kB
dist/assets/music_theater_dark-BshIz-lU.mp3                                                482.00 kB
dist/assets/music_act2_manual_control-CZ4pD1OI.mp3                                         482.32 kB
dist/assets/music_act2_movement_puzzle-BygX1fby.mp3                                        482.32 kB
dist/assets/music_act2_search-6Qeb1-Kk.mp3                                                 482.32 kB
dist/assets/music_narrator_chase-CpCG_WDS.mp3                                              482.32 kB
dist/assets/music_prologue_blackout-DPTDkkv_.mp3                                           482.32 kB
dist/assets/music_canteen_dark-DDaVZN05.mp3                                                482.63 kB
dist/assets/music_qizhen_fishing-DQxBT5el.mp3                                              482.63 kB
dist/assets/music_qizhen_mist-DjLfisGN.mp3                                                 482.63 kB
dist/assets/music_theater_lobby-BaqWsCw2.mp3                                               482.63 kB
dist/assets/theater_755_student_play_poster_v01-FBnE1ede.png                               508.13 kB
dist/assets/rider_turn_cycle_12f-Kx9LUiaw.png                                              519.14 kB
dist/assets/library_foundation_reference-BToj_9eR.jpg                                      521.04 kB
dist/assets/music_qizhen_reflection-Bfx7JbEx.mp3                                           530.90 kB
dist/assets/music_qizhen_lakeside-DEWKI_o5.mp3                                             530.90 kB
dist/assets/music_canteen_chase-CHgNX2dz.mp3                                               577.30 kB
dist/assets/music_theater_spotlight-DOZ2IihT.mp3                                           577.92 kB
dist/assets/music_cc98_publicity_v2-BrT1bI5A.mp3                                           578.55 kB
dist/assets/music_library_022_reveal_v2-DA5InVib.mp3                                       578.55 kB
dist/assets/music_library_arrival_v2-B-BWnFIj.mp3                                          578.55 kB
dist/assets/music_library_evidence_v2-Dxn0F0wl.mp3                                         578.55 kB
dist/assets/music_library_enforcement_v2-BX1ppDxV.mp3                                      578.55 kB
dist/assets/roadside_actor_atlas_8f-BbHnmL7n.png                                           600.53 kB
dist/assets/fusion-pixel-12px-proportional-sc-latin-400-normal-Xmey3kyP.woff2              602.30 kB
dist/assets/player_push_cart_sheet-USd34QDi.png                                            643.53 kB
dist/assets/Concrete010_1K-JPG_Color-CvfMMSyA.jpg                                          656.00 kB
dist/assets/teaching_building_floor_2-4grJq6p1.png                                         661.04 kB
dist/assets/teaching_building_floor_3-CyAodswa.png                                         664.73 kB
dist/assets/music_qizhen_swan_chase-DZS61ms5.mp3                                           673.38 kB
dist/assets/teaching_building_floor_1-C7iK81cO.png                                         689.42 kB
dist/assets/front_walker_cycle_4f-DhqKc7dC.png                                             746.01 kB
dist/assets/player_blue_fishing_skiff-Bub6kRR0.png                                         814.23 kB
dist/assets/Plaster001_1K-JPG_Color-B4-fXkfk.jpg                                           828.79 kB
dist/assets/tiyi_loading-CrfYOcqs.png                                                      875.28 kB
dist/assets/zjuding_loading-D4BpabM0.png                                                   957.34 kB
dist/assets/finale_stairwell-BLujsmZ6.png                                                1,150.55 kB
dist/assets/chapter4_clock_states_v01-CaHSZdvo.png                                       1,205.14 kB
dist/assets/interiors__finale__chapter4-755__states__a1_0754_blackout-rp5lVbSi.webp      1,236.75 kB
dist/assets/tiyi_main-CGP79cMp.png                                                       1,252.14 kB
dist/assets/interiors__finale__chapter4-755__states__a2_202_final_minute-CaQUaEor.webp   1,304.33 kB
dist/assets/interiors__finale__chapter4-755__states__a2_0754_chase-C6vyWeLm.webp         1,326.42 kB
dist/assets/zjuding_home-YQ58_INK.png                                                    1,330.49 kB
dist/assets/bonsai_bud-CCH_Q5GK.png                                                      1,331.37 kB
dist/assets/chapter4_a2_room204_dark_residual_v02-CQEGp1bd.png                           1,371.41 kB
dist/assets/quaternius_casual-DZIUsIuq.glb                                               1,430.66 kB
dist/assets/chapter4_story_items_v02-DLpA1Yvj.png                                        1,449.85 kB
dist/assets/interiors__finale__chapter4-755__states__a1_2245_maintenance-D3kHMe0z.webp   1,466.63 kB
dist/assets/interiors__finale__chapter4-755__states__a1_2245_opening-CJ8-Mm54.webp       1,470.20 kB
dist/assets/chapter4_power_panel_states_v01-D-yiIr8U.png                                 1,476.07 kB
dist/assets/bonsai_bloom-C8nG_JX1.png                                                    1,603.37 kB
dist/assets/finale_final_classroom-MlC2mgsY.png                                          1,608.29 kB
dist/assets/interiors__theater_interior-8miWuxSj.webp                                    1,622.17 kB
dist/assets/music_ch4_prologue_night_pursuit-8THtO1EL.mp3                                1,634.94 kB
dist/assets/interiors__finale__chapter4-755__states__a3_1850_reference-DAGbOd17.webp     1,655.33 kB
dist/assets/interiors__finale__chapter4-755__states__a1_0755_morning-8xc7f7ZT.webp       1,680.80 kB
dist/assets/interiors__finale__chapter4-755__base__a3-B4-QwPcb.webp                      1,706.81 kB
dist/assets/campus_avenue_plate-DH5LQSqd.png                                             1,708.40 kB
dist/assets/interiors__finale__chapter4-755__states__a2_1850_evening-CsXQKsk3.webp       1,742.16 kB
dist/assets/interiors__dorm_hub-B0i6Sket.webp                                            1,760.09 kB
dist/assets/interiors__finale__chapter4-755__base__a1-DZALrLLc.webp                      1,801.52 kB
dist/assets/interiors__finale__chapter4-755__states__a1_1225_bakery-BEtVbpHk.webp        1,818.88 kB
dist/assets/interiors__finale__chapter4-755__base__a2-Dxu6qvId.webp                      1,842.39 kB
dist/assets/chapter4_a2_room204_furniture_v02-C9K3evEd.png                               1,857.89 kB
dist/assets/finale_vertical_core-EXYDIEQ9.png                                            1,887.69 kB
dist/assets/interiors__qizhen_lake_dock_no_sign-CTSUfPZr.webp                            1,960.39 kB
dist/assets/interiors__qizhen_lake_dock-BwLqV79a.webp                                    1,962.21 kB
dist/assets/interiors__library_interior-DKHlOheG.webp                                    1,962.66 kB
dist/assets/finale_1f_lobby_maxwell-peJXl3UU.png                                         2,026.87 kB
dist/assets/interiors__canteen_interior-Rdd5PxGk.webp                                    2,033.63 kB
dist/assets/finale_arrival_arcade-Cy066A9_.png                                           2,056.67 kB
dist/assets/interiors__qizhen_lake_swan_cove-EQMlF78K.webp                               2,104.98 kB
dist/assets/interiors__qizhen_lake_open_water-B6R-8xR-.webp                              2,109.99 kB
dist/assets/interiors__qizhen_lake_channel-9abi433t.webp                                 2,165.91 kB
dist/assets/finale_2f_activity-L_OIEOx3.png                                              2,253.93 kB
dist/assets/qizhen_rain_rescue_hailuo23_v01-CX7U8093.mp4                                 2,462.89 kB
dist/assets/qizhen_fishing_dawn_environment-DSKW3vUl.png                                 2,666.39 kB
dist/assets/music_ch35_night_wind_building-CsFn3uU-.mp3                                  4,553.11 kB
dist/assets/campus_avenue_distance_atlas_273f-DXnpyB5U.png                               6,347.90 kB
dist/assets/music_ch35_qizhen_reflection-C63fIU6q.mp3                                    6,652.85 kB
dist/assets/chapter35_to_chapter4_h3_transition-CyjYtgPD.mp4                             8,282.81 kB
dist/assets/campus__zijingang_campus_plate-BcAFFQHT.webp                                17,288.46 kB
dist/assets/campus__zijingang_campus_loop_panorama-CRE0uLCA.webp                        18,472.26 kB
dist/assets/ChapterFourMonumentStairDemo-DwD871--.css                                       11.14 kB │ gzip:   2.83 kB
dist/assets/index-CQfefCEn.css                                                             516.44 kB │ gzip:  99.82 kB
dist/assets/index-BkThUiSH.js                                                                8.41 kB │ gzip:   3.36 kB
dist/assets/index-BwFlqUOY.js                                                                9.89 kB │ gzip:   3.81 kB
dist/assets/ChapterFourMonumentStairDemo-DcbDGr4l.js                                        54.18 kB │ gzip:  19.11 kB
dist/assets/index-BfBJ5YdL.js                                                              119.50 kB │ gzip:  37.82 kB
dist/assets/index-jeIMWkm3.js                                                            1,385.21 kB │ gzip: 408.68 kB
dist/assets/RpgGameHost-C2xy7QH3.js                                                      3,502.13 kB │ gzip: 827.29 kB

(!) Some chunks are larger than 500 kB after minification. Consider:
- Using dynamic import() to code-split the application
- Use build.rollupOptions.output.manualChunks to improve chunking: https://rollupjs.org/configuration-options/#output-manualchunks
- Adjust chunk size limit for this warning via build.chunkSizeWarningLimit.
✓ built in 5.40s
